resolve com to 1025
resolve google.com to 1026
resolve www.google.com to 1027
